// Jest Snapshot v1, https://goo.gl/fbAQLP

exports[`AvatarWithLabel component should render correctly 1`] = `
<DocumentFragment>
  <div
    class="sc-AxjAm mBcIY"
    color="owner"
  >
    <div
      class="sc-AxirZ bxDTSS"
      color="owner"
      size="50"
    >
      <span
        class="sc-AxiKw rRURm"
        data-testid="avatar-inner-container"
        size="50"
      >
        A
      </span>
    </div>
    <h3
      data-testid="avatar-with-label-span"
    />
  </div>
</DocumentFragment>
`;
