// Jest Snapshot v1, https://goo.gl/fbAQLP

exports[`InputTextFieldWithLabel should render correctly 1`] = `
<DocumentFragment>
  <label
    class="sc-AxirZ jSgOQo"
  >
    Test
    <input
      class="sc-AxjAm kuGIAZ"
      data-testid="input-text-field"
      placeholder=""
      value=""
    />
  </label>
</DocumentFragment>
`;
